  Determining projects to restore...
C:\Users\Deven\Desktop\erp\nexora\backend\src\Nexora.Shared\Nexora.Shared.csproj : warning NU1510: PackageReference Microsoft.Extensions.Identity.Stores will not be pruned. This package is automatically available and does not need to be referenced explicitly. Remove the PackageReference item. [C:\Users\Deven\Desktop\erp\nexora\backend\Nexora.slnx]
  Restored C:\Users\Deven\Desktop\erp\nexora\backend\src\Nexora.Modules.Identity\Nexora.Modules.Identity.csproj (in 728 ms).
  Restored C:\Users\Deven\Desktop\erp\nexora\backend\src\Nexora.Modules.Notifications\Nexora.Modules.Notifications.csproj (in 727 ms).
  Restored C:\Users\Deven\Desktop\erp\nexora\backend\src\Nexora.Modules.Platform\Nexora.Modules.Platform.csproj (in 728 ms).
  Restored C:\Users\Deven\Desktop\erp\nexora\backend\src\Nexora.Modules.Workflow\Nexora.Modules.Workflow.csproj (in 728 ms).
  Restored C:\Users\Deven\Desktop\erp\nexora\backend\src\Nexora.Modules.Reporting\Nexora.Modules.Reporting.csproj (in 728 ms).
  Restored C:\Users\Deven\Desktop\erp\nexora\backend\src\Nexora.Modules.Finance\Nexora.Modules.Finance.csproj (in 727 ms).
  Restored C:\Users\Deven\Desktop\erp\nexora\backend\src\Nexora.Modules.Payroll\Nexora.Modules.Payroll.csproj (in 727 ms).
  Restored C:\Users\Deven\Desktop\erp\nexora\backend\src\Nexora.Modules.Company\Nexora.Modules.Company.csproj (in 727 ms).
  Restored C:\Users\Deven\Desktop\erp\nexora\backend\src\Nexora.Modules.HR\Nexora.Modules.HR.csproj (in 727 ms).
  Restored C:\Users\Deven\Desktop\erp\nexora\backend\src\Nexora.Modules.Projects\Nexora.Modules.Projects.csproj (in 531 ms).
  Restored C:\Users\Deven\Desktop\erp\nexora\backend\src\Nexora.Modules.Onboarding\Nexora.Modules.Onboarding.csproj (in 727 ms).
  Restored C:\Users\Deven\Desktop\erp\nexora\backend\src\Nexora.Api\Nexora.Api.csproj (in 727 ms).
  1 of 13 projects are up-to-date for restore.
C:\Users\Deven\Desktop\erp\nexora\backend\src\Nexora.Shared\Nexora.Shared.csproj : warning NU1510: PackageReference Microsoft.Extensions.Identity.Stores will not be pruned. This package is automatically available and does not need to be referenced explicitly. Remove the PackageReference item.
C:\Users\Deven\Desktop\erp\nexora\backend\src\Nexora.Shared\Authorization\DataScopeService.cs(2,14): error CS0234: The type or namespace name 'Modules' does not exist in the namespace 'Nexora' (are you missing an assembly reference?) [C:\Users\Deven\Desktop\erp\nexora\backend\src\Nexora.Shared\Nexora.Shared.csproj]
C:\Users\Deven\Desktop\erp\nexora\backend\src\Nexora.Shared\Persistence\NexoraDbContext.cs(2,14): error CS0234: The type or namespace name 'Modules' does not exist in the namespace 'Nexora' (are you missing an assembly reference?) [C:\Users\Deven\Desktop\erp\nexora\backend\src\Nexora.Shared\Nexora.Shared.csproj]
C:\Users\Deven\Desktop\erp\nexora\backend\src\Nexora.Shared\Persistence\NexoraDbContext.cs(5,7): warning CS0105: The using directive for 'Nexora.Shared.Common' appeared previously in this namespace [C:\Users\Deven\Desktop\erp\nexora\backend\src\Nexora.Shared\Nexora.Shared.csproj]
C:\Users\Deven\Desktop\erp\nexora\backend\src\Nexora.Shared\Persistence\NexoraDbContext.cs(6,14): error CS0234: The type or namespace name 'Modules' does not exist in the namespace 'Nexora' (are you missing an assembly reference?) [C:\Users\Deven\Desktop\erp\nexora\backend\src\Nexora.Shared\Nexora.Shared.csproj]
C:\Users\Deven\Desktop\erp\nexora\backend\src\Nexora.Shared\Persistence\NexoraDbContext.cs(7,14): error CS0234: The type or namespace name 'Modules' does not exist in the namespace 'Nexora' (are you missing an assembly reference?) [C:\Users\Deven\Desktop\erp\nexora\backend\src\Nexora.Shared\Nexora.Shared.csproj]
C:\Users\Deven\Desktop\erp\nexora\backend\src\Nexora.Shared\Persistence\NexoraDbContext.cs(8,14): error CS0234: The type or namespace name 'Modules' does not exist in the namespace 'Nexora' (are you missing an assembly reference?) [C:\Users\Deven\Desktop\erp\nexora\backend\src\Nexora.Shared\Nexora.Shared.csproj]
C:\Users\Deven\Desktop\erp\nexora\backend\src\Nexora.Shared\Persistence\NexoraDbContext.cs(9,14): error CS0234: The type or namespace name 'Modules' does not exist in the namespace 'Nexora' (are you missing an assembly reference?) [C:\Users\Deven\Desktop\erp\nexora\backend\src\Nexora.Shared\Nexora.Shared.csproj]
C:\Users\Deven\Desktop\erp\nexora\backend\src\Nexora.Shared\Persistence\NexoraDbContext.cs(10,14): error CS0234: The type or namespace name 'Modules' does not exist in the namespace 'Nexora' (are you missing an assembly reference?) [C:\Users\Deven\Desktop\erp\nexora\backend\src\Nexora.Shared\Nexora.Shared.csproj]
C:\Users\Deven\Desktop\erp\nexora\backend\src\Nexora.Shared\Persistence\NexoraDbContext.cs(12,14): error CS0234: The type or namespace name 'Modules' does not exist in the namespace 'Nexora' (are you missing an assembly reference?) [C:\Users\Deven\Desktop\erp\nexora\backend\src\Nexora.Shared\Nexora.Shared.csproj]
C:\Users\Deven\Desktop\erp\nexora\backend\src\Nexora.Shared\Persistence\NexoraDbContext.cs(13,14): error CS0234: The type or namespace name 'Modules' does not exist in the namespace 'Nexora' (are you missing an assembly reference?) [C:\Users\Deven\Desktop\erp\nexora\backend\src\Nexora.Shared\Nexora.Shared.csproj]
C:\Users\Deven\Desktop\erp\nexora\backend\src\Nexora.Shared\Persistence\NexoraDbContext.cs(14,14): error CS0234: The type or namespace name 'Modules' does not exist in the namespace 'Nexora' (are you missing an assembly reference?) [C:\Users\Deven\Desktop\erp\nexora\backend\src\Nexora.Shared\Nexora.Shared.csproj]
C:\Users\Deven\Desktop\erp\nexora\backend\src\Nexora.Shared\Persistence\NexoraDbContext.cs(15,14): error CS0234: The type or namespace name 'Modules' does not exist in the namespace 'Nexora' (are you missing an assembly reference?) [C:\Users\Deven\Desktop\erp\nexora\backend\src\Nexora.Shared\Nexora.Shared.csproj]
C:\Users\Deven\Desktop\erp\nexora\backend\src\Nexora.Shared\Persistence\NexoraDbContext.cs(17,7): warning CS0105: The using directive for 'Nexora.Shared.Tenancy' appeared previously in this namespace [C:\Users\Deven\Desktop\erp\nexora\backend\src\Nexora.Shared\Nexora.Shared.csproj]
C:\Users\Deven\Desktop\erp\nexora\backend\src\Nexora.Shared\Authorization\DataScopeService.cs(8,29): error CS0246: The type or namespace name 'DataScopeType' could not be found (are you missing a using directive or an assembly reference?) [C:\Users\Deven\Desktop\erp\nexora\backend\src\Nexora.Shared\Nexora.Shared.csproj]
C:\Users\Deven\Desktop\erp\nexora\backend\src\Nexora.Shared\Authorization\DataScopeService.cs(54,23): error CS0246: The type or namespace name 'FieldAccessLevel' could not be found (are you missing a using directive or an assembly reference?) [C:\Users\Deven\Desktop\erp\nexora\backend\src\Nexora.Shared\Nexora.Shared.csproj]
C:\Users\Deven\Desktop\erp\nexora\backend\src\Nexora.Shared\Authorization\RequirePasswordCurrentMiddleware.cs(12,35): error CS0246: The type or namespace name 'HttpContext' could not be found (are you missing a using directive or an assembly reference?) [C:\Users\Deven\Desktop\erp\nexora\backend\src\Nexora.Shared\Nexora.Shared.csproj]
C:\Users\Deven\Desktop\erp\nexora\backend\src\Nexora.Shared\Authorization\RequirePasswordCurrentMiddleware.cs(8,22): error CS0246: The type or namespace name 'RequestDelegate' could not be found (are you missing a using directive or an assembly reference?) [C:\Users\Deven\Desktop\erp\nexora\backend\src\Nexora.Shared\Nexora.Shared.csproj]
C:\Users\Deven\Desktop\erp\nexora\backend\src\Nexora.Shared\Middleware\GlobalExceptionHandler.cs(16,49): error CS0246: The type or namespace name 'HttpContext' could not be found (are you missing a using directive or an assembly reference?) [C:\Users\Deven\Desktop\erp\nexora\backend\src\Nexora.Shared\Nexora.Shared.csproj]
C:\Users\Deven\Desktop\erp\nexora\backend\src\Nexora.Shared\Authorization\RequirePasswordCurrentMiddleware.cs(10,45): error CS0246: The type or namespace name 'RequestDelegate' could not be found (are you missing a using directive or an assembly reference?) [C:\Users\Deven\Desktop\erp\nexora\backend\src\Nexora.Shared\Nexora.Shared.csproj]
C:\Users\Deven\Desktop\erp\nexora\backend\src\Nexora.Shared\Middleware\GlobalExceptionHandler.cs(11,39): error CS0535: 'GlobalExceptionHandler' does not implement interface member 'IExceptionHandler.TryHandleAsync(HttpContext, Exception, CancellationToken)' [C:\Users\Deven\Desktop\erp\nexora\backend\src\Nexora.Shared\Nexora.Shared.csproj]
C:\Users\Deven\Desktop\erp\nexora\backend\src\Nexora.Shared\Middleware\GlobalExceptionHandler.cs(13,22): error CS0246: The type or namespace name 'ILogger<>' could not be found (are you missing a using directive or an assembly reference?) [C:\Users\Deven\Desktop\erp\nexora\backend\src\Nexora.Shared\Nexora.Shared.csproj]
C:\Users\Deven\Desktop\erp\nexora\backend\src\Nexora.Shared\Middleware\GlobalExceptionHandler.cs(14,35): error CS0246: The type or namespace name 'ILogger<>' could not be found (are you missing a using directive or an assembly reference?) [C:\Users\Deven\Desktop\erp\nexora\backend\src\Nexora.Shared\Nexora.Shared.csproj]
C:\Users\Deven\Desktop\erp\nexora\backend\src\Nexora.Shared\Persistence\NexoraDbContext.cs(24,50): error CS0246: The type or namespace name 'AppUser' could not be found (are you missing a using directive or an assembly reference?) [C:\Users\Deven\Desktop\erp\nexora\backend\src\Nexora.Shared\Nexora.Shared.csproj]
C:\Users\Deven\Desktop\erp\nexora\backend\src\Nexora.Shared\Persistence\NexoraDbContext.cs(24,59): error CS0246: The type or namespace name 'AppRole' could not be found (are you missing a using directive or an assembly reference?) [C:\Users\Deven\Desktop\erp\nexora\backend\src\Nexora.Shared\Nexora.Shared.csproj]
C:\Users\Deven\Desktop\erp\nexora\backend\src\Nexora.Shared\Persistence\NexoraDbContext.cs(34,18): error CS0246: The type or namespace name 'RolePermission' could not be found (are you missing a using directive or an assembly reference?) [C:\Users\Deven\Desktop\erp\nexora\backend\src\Nexora.Shared\Nexora.Shared.csproj]
C:\Users\Deven\Desktop\erp\nexora\backend\src\Nexora.Shared\Persistence\NexoraDbContext.cs(35,18): error CS0246: The type or namespace name 'PermissionScope' could not be found (are you missing a using directive or an assembly reference?) [C:\Users\Deven\Desktop\erp\nexora\backend\src\Nexora.Shared\Nexora.Shared.csproj]
C:\Users\Deven\Desktop\erp\nexora\backend\src\Nexora.Shared\Persistence\NexoraDbContext.cs(36,18): error CS0246: The type or namespace name 'PermissionScopeRecord' could not be found (are you missing a using directive or an assembly reference?) [C:\Users\Deven\Desktop\erp\nexora\backend\src\Nexora.Shared\Nexora.Shared.csproj]
C:\Users\Deven\Desktop\erp\nexora\backend\src\Nexora.Shared\Persistence\NexoraDbContext.cs(37,18): error CS0246: The type or namespace name 'RoleFieldPermission' could not be found (are you missing a using directive or an assembly reference?) [C:\Users\Deven\Desktop\erp\nexora\backend\src\Nexora.Shared\Nexora.Shared.csproj]
C:\Users\Deven\Desktop\erp\nexora\backend\src\Nexora.Shared\Persistence\NexoraDbContext.cs(40,18): error CS0246: The type or namespace name 'Department' could not be found (are you missing a using directive or an assembly reference?) [C:\Users\Deven\Desktop\erp\nexora\backend\src\Nexora.Shared\Nexora.Shared.csproj]
C:\Users\Deven\Desktop\erp\nexora\backend\src\Nexora.Shared\Persistence\NexoraDbContext.cs(41,18): error CS0246: The type or namespace name 'Location' could not be found (are you missing a using directive or an assembly reference?) [C:\Users\Deven\Desktop\erp\nexora\backend\src\Nexora.Shared\Nexora.Shared.csproj]
C:\Users\Deven\Desktop\erp\nexora\backend\src\Nexora.Shared\Persistence\NexoraDbContext.cs(42,18): error CS0246: The type or namespace name 'Employee' could not be found (are you missing a using directive or an assembly reference?) [C:\Users\Deven\Desktop\erp\nexora\backend\src\Nexora.Shared\Nexora.Shared.csproj]
C:\Users\Deven\Desktop\erp\nexora\backend\src\Nexora.Shared\Persistence\NexoraDbContext.cs(43,18): error CS0246: The type or namespace name 'JobTitle' could not be found (are you missing a using directive or an assembly reference?) [C:\Users\Deven\Desktop\erp\nexora\backend\src\Nexora.Shared\Nexora.Shared.csproj]
C:\Users\Deven\Desktop\erp\nexora\backend\src\Nexora.Shared\Persistence\NexoraDbContext.cs(44,18): error CS0246: The type or namespace name 'EmployeeAssignmentHistory' could not be found (are you missing a using directive or an assembly reference?) [C:\Users\Deven\Desktop\erp\nexora\backend\src\Nexora.Shared\Nexora.Shared.csproj]
C:\Users\Deven\Desktop\erp\nexora\backend\src\Nexora.Shared\Persistence\NexoraDbContext.cs(45,18): error CS0246: The type or namespace name 'EmployeeDocument' could not be found (are you missing a using directive or an assembly reference?) [C:\Users\Deven\Desktop\erp\nexora\backend\src\Nexora.Shared\Nexora.Shared.csproj]
C:\Users\Deven\Desktop\erp\nexora\backend\src\Nexora.Shared\Persistence\NexoraDbContext.cs(47,18): error CS0246: The type or namespace name 'LeaveType' could not be found (are you missing a using directive or an assembly reference?) [C:\Users\Deven\Desktop\erp\nexora\backend\src\Nexora.Shared\Nexora.Shared.csproj]
C:\Users\Deven\Desktop\erp\nexora\backend\src\Nexora.Shared\Persistence\NexoraDbContext.cs(48,18): error CS0246: The type or namespace name 'LeaveRequest' could not be found (are you missing a using directive or an assembly reference?) [C:\Users\Deven\Desktop\erp\nexora\backend\src\Nexora.Shared\Nexora.Shared.csproj]
C:\Users\Deven\Desktop\erp\nexora\backend\src\Nexora.Shared\Persistence\NexoraDbContext.cs(49,18): error CS0246: The type or namespace name 'LeaveBalance' could not be found (are you missing a using directive or an assembly reference?) [C:\Users\Deven\Desktop\erp\nexora\backend\src\Nexora.Shared\Nexora.Shared.csproj]
C:\Users\Deven\Desktop\erp\nexora\backend\src\Nexora.Shared\Persistence\NexoraDbContext.cs(50,18): error CS0246: The type or namespace name 'AttendanceEntry' could not be found (are you missing a using directive or an assembly reference?) [C:\Users\Deven\Desktop\erp\nexora\backend\src\Nexora.Shared\Nexora.Shared.csproj]
C:\Users\Deven\Desktop\erp\nexora\backend\src\Nexora.Shared\Persistence\NexoraDbContext.cs(51,18): error CS0246: The type or namespace name 'TimesheetEntry' could not be found (are you missing a using directive or an assembly reference?) [C:\Users\Deven\Desktop\erp\nexora\backend\src\Nexora.Shared\Nexora.Shared.csproj]
C:\Users\Deven\Desktop\erp\nexora\backend\src\Nexora.Shared\Persistence\NexoraDbContext.cs(52,18): error CS0246: The type or namespace name 'TenantAttendanceSettings' could not be found (are you missing a using directive or an assembly reference?) [C:\Users\Deven\Desktop\erp\nexora\backend\src\Nexora.Shared\Nexora.Shared.csproj]
C:\Users\Deven\Desktop\erp\nexora\backend\src\Nexora.Shared\Persistence\NexoraDbContext.cs(54,18): error CS0246: The type or namespace name 'OnboardingTask' could not be found (are you missing a using directive or an assembly reference?) [C:\Users\Deven\Desktop\erp\nexora\backend\src\Nexora.Shared\Nexora.Shared.csproj]
C:\Users\Deven\Desktop\erp\nexora\backend\src\Nexora.Shared\Persistence\NexoraDbContext.cs(56,18): error CS0246: The type or namespace name 'FnfCase' could not be found (are you missing a using directive or an assembly reference?) [C:\Users\Deven\Desktop\erp\nexora\backend\src\Nexora.Shared\Nexora.Shared.csproj]
C:\Users\Deven\Desktop\erp\nexora\backend\src\Nexora.Shared\Persistence\NexoraDbContext.cs(57,18): error CS0246: The type or namespace name 'FnfClearanceItem' could not be found (are you missing a using directive or an assembly reference?) [C:\Users\Deven\Desktop\erp\nexora\backend\src\Nexora.Shared\Nexora.Shared.csproj]
C:\Users\Deven\Desktop\erp\nexora\backend\src\Nexora.Shared\Persistence\NexoraDbContext.cs(59,18): error CS0246: The type or namespace name 'SalaryStructure' could not be found (are you missing a using directive or an assembly reference?) [C:\Users\Deven\Desktop\erp\nexora\backend\src\Nexora.Shared\Nexora.Shared.csproj]
C:\Users\Deven\Desktop\erp\nexora\backend\src\Nexora.Shared\Persistence\NexoraDbContext.cs(60,18): error CS0246: The type or namespace name 'SalaryComponent' could not be found (are you missing a using directive or an assembly reference?) [C:\Users\Deven\Desktop\erp\nexora\backend\src\Nexora.Shared\Nexora.Shared.csproj]
C:\Users\Deven\Desktop\erp\nexora\backend\src\Nexora.Shared\Persistence\NexoraDbContext.cs(61,18): error CS0246: The type or namespace name 'PayrollRun' could not be found (are you missing a using directive or an assembly reference?) [C:\Users\Deven\Desktop\erp\nexora\backend\src\Nexora.Shared\Nexora.Shared.csproj]
C:\Users\Deven\Desktop\erp\nexora\backend\src\Nexora.Shared\Persistence\NexoraDbContext.cs(62,18): error CS0246: The type or namespace name 'Payslip' could not be found (are you missing a using directive or an assembly reference?) [C:\Users\Deven\Desktop\erp\nexora\backend\src\Nexora.Shared\Nexora.Shared.csproj]
C:\Users\Deven\Desktop\erp\nexora\backend\src\Nexora.Shared\Persistence\NexoraDbContext.cs(63,18): error CS0246: The type or namespace name 'PayslipLine' could not be found (are you missing a using directive or an assembly reference?) [C:\Users\Deven\Desktop\erp\nexora\backend\src\Nexora.Shared\Nexora.Shared.csproj]
C:\Users\Deven\Desktop\erp\nexora\backend\src\Nexora.Shared\Persistence\NexoraDbContext.cs(67,18): error CS0246: The type or namespace name 'Account' could not be found (are you missing a using directive or an assembly reference?) [C:\Users\Deven\Desktop\erp\nexora\backend\src\Nexora.Shared\Nexora.Shared.csproj]
C:\Users\Deven\Desktop\erp\nexora\backend\src\Nexora.Shared\Persistence\NexoraDbContext.cs(68,18): error CS0246: The type or namespace name 'JournalEntry' could not be found (are you missing a using directive or an assembly reference?) [C:\Users\Deven\Desktop\erp\nexora\backend\src\Nexora.Shared\Nexora.Shared.csproj]
C:\Users\Deven\Desktop\erp\nexora\backend\src\Nexora.Shared\Persistence\NexoraDbContext.cs(69,18): error CS0246: The type or namespace name 'JournalLine' could not be found (are you missing a using directive or an assembly reference?) [C:\Users\Deven\Desktop\erp\nexora\backend\src\Nexora.Shared\Nexora.Shared.csproj]
C:\Users\Deven\Desktop\erp\nexora\backend\src\Nexora.Shared\Persistence\NexoraDbContext.cs(70,18): error CS0246: The type or namespace name 'ExchangeRate' could not be found (are you missing a using directive or an assembly reference?) [C:\Users\Deven\Desktop\erp\nexora\backend\src\Nexora.Shared\Nexora.Shared.csproj]
C:\Users\Deven\Desktop\erp\nexora\backend\src\Nexora.Shared\Persistence\NexoraDbContext.cs(71,18): error CS0246: The type or namespace name 'Vendor' could not be found (are you missing a using directive or an assembly reference?) [C:\Users\Deven\Desktop\erp\nexora\backend\src\Nexora.Shared\Nexora.Shared.csproj]
C:\Users\Deven\Desktop\erp\nexora\backend\src\Nexora.Shared\Persistence\NexoraDbContext.cs(72,18): error CS0246: The type or namespace name 'VendorBill' could not be found (are you missing a using directive or an assembly reference?) [C:\Users\Deven\Desktop\erp\nexora\backend\src\Nexora.Shared\Nexora.Shared.csproj]
C:\Users\Deven\Desktop\erp\nexora\backend\src\Nexora.Shared\Persistence\NexoraDbContext.cs(74,18): error CS0246: The type or namespace name 'WorkflowInstance' could not be found (are you missing a using directive or an assembly reference?) [C:\Users\Deven\Desktop\erp\nexora\backend\src\Nexora.Shared\Nexora.Shared.csproj]
C:\Users\Deven\Desktop\erp\nexora\backend\src\Nexora.Shared\Persistence\NexoraDbContext.cs(75,18): error CS0246: The type or namespace name 'WorkflowDecision' could not be found (are you missing a using directive or an assembly reference?) [C:\Users\Deven\Desktop\erp\nexora\backend\src\Nexora.Shared\Nexora.Shared.csproj]
C:\Users\Deven\Desktop\erp\nexora\backend\src\Nexora.Shared\Persistence\NexoraDbContext.cs(76,18): error CS0246: The type or namespace name 'TenantApprovalSettings' could not be found (are you missing a using directive or an assembly reference?) [C:\Users\Deven\Desktop\erp\nexora\backend\src\Nexora.Shared\Nexora.Shared.csproj]
C:\Users\Deven\Desktop\erp\nexora\backend\src\Nexora.Shared\Persistence\NexoraDbContext.cs(78,18): error CS0246: The type or namespace name 'ReimbursementRequest' could not be found (are you missing a using directive or an assembly reference?) [C:\Users\Deven\Desktop\erp\nexora\backend\src\Nexora.Shared\Nexora.Shared.csproj]
C:\Users\Deven\Desktop\erp\nexora\backend\src\Nexora.Shared\Persistence\NexoraDbContext.cs(82,18): error CS0246: The type or namespace name 'Customer' could not be found (are you missing a using directive or an assembly reference?) [C:\Users\Deven\Desktop\erp\nexora\backend\src\Nexora.Shared\Nexora.Shared.csproj]
C:\Users\Deven\Desktop\erp\nexora\backend\src\Nexora.Shared\Persistence\NexoraDbContext.cs(83,18): error CS0246: The type or namespace name 'ProjectEntity' could not be found (are you missing a using directive or an assembly reference?) [C:\Users\Deven\Desktop\erp\nexora\backend\src\Nexora.Shared\Nexora.Shared.csproj]
C:\Users\Deven\Desktop\erp\nexora\backend\src\Nexora.Shared\Persistence\NexoraDbContext.cs(84,18): error CS0246: The type or namespace name 'ProjectExpense' could not be found (are you missing a using directive or an assembly reference?) [C:\Users\Deven\Desktop\erp\nexora\backend\src\Nexora.Shared\Nexora.Shared.csproj]
C:\Users\Deven\Desktop\erp\nexora\backend\src\Nexora.Shared\Persistence\NexoraDbContext.cs(85,18): error CS0246: The type or namespace name 'ProjectMember' could not be found (are you missing a using directive or an assembly reference?) [C:\Users\Deven\Desktop\erp\nexora\backend\src\Nexora.Shared\Nexora.Shared.csproj]
C:\Users\Deven\Desktop\erp\nexora\backend\src\Nexora.Shared\Persistence\NexoraDbContext.cs(86,18): error CS0246: The type or namespace name 'ProjectTask' could not be found (are you missing a using directive or an assembly reference?) [C:\Users\Deven\Desktop\erp\nexora\backend\src\Nexora.Shared\Nexora.Shared.csproj]
C:\Users\Deven\Desktop\erp\nexora\backend\src\Nexora.Shared\Persistence\NexoraDbContext.cs(87,18): error CS0246: The type or namespace name 'ProjectMilestone' could not be found (are you missing a using directive or an assembly reference?) [C:\Users\Deven\Desktop\erp\nexora\backend\src\Nexora.Shared\Nexora.Shared.csproj]

Build FAILED.

C:\Users\Deven\Desktop\erp\nexora\backend\src\Nexora.Shared\Nexora.Shared.csproj : warning NU1510: PackageReference Microsoft.Extensions.Identity.Stores will not be pruned. This package is automatically available and does not need to be referenced explicitly. Remove the PackageReference item. [C:\Users\Deven\Desktop\erp\nexora\backend\Nexora.slnx]
C:\Users\Deven\Desktop\erp\nexora\backend\src\Nexora.Shared\Nexora.Shared.csproj : warning NU1510: PackageReference Microsoft.Extensions.Identity.Stores will not be pruned. This package is automatically available and does not need to be referenced explicitly. Remove the PackageReference item.
C:\Users\Deven\Desktop\erp\nexora\backend\src\Nexora.Shared\Persistence\NexoraDbContext.cs(5,7): warning CS0105: The using directive for 'Nexora.Shared.Common' appeared previously in this namespace [C:\Users\Deven\Desktop\erp\nexora\backend\src\Nexora.Shared\Nexora.Shared.csproj]
C:\Users\Deven\Desktop\erp\nexora\backend\src\Nexora.Shared\Persistence\NexoraDbContext.cs(17,7): warning CS0105: The using directive for 'Nexora.Shared.Tenancy' appeared previously in this namespace [C:\Users\Deven\Desktop\erp\nexora\backend\src\Nexora.Shared\Nexora.Shared.csproj]
C:\Users\Deven\Desktop\erp\nexora\backend\src\Nexora.Shared\Authorization\DataScopeService.cs(2,14): error CS0234: The type or namespace name 'Modules' does not exist in the namespace 'Nexora' (are you missing an assembly reference?) [C:\Users\Deven\Desktop\erp\nexora\backend\src\Nexora.Shared\Nexora.Shared.csproj]
C:\Users\Deven\Desktop\erp\nexora\backend\src\Nexora.Shared\Persistence\NexoraDbContext.cs(2,14): error CS0234: The type or namespace name 'Modules' does not exist in the namespace 'Nexora' (are you missing an assembly reference?) [C:\Users\Deven\Desktop\erp\nexora\backend\src\Nexora.Shared\Nexora.Shared.csproj]
C:\Users\Deven\Desktop\erp\nexora\backend\src\Nexora.Shared\Persistence\NexoraDbContext.cs(6,14): error CS0234: The type or namespace name 'Modules' does not exist in the namespace 'Nexora' (are you missing an assembly reference?) [C:\Users\Deven\Desktop\erp\nexora\backend\src\Nexora.Shared\Nexora.Shared.csproj]
C:\Users\Deven\Desktop\erp\nexora\backend\src\Nexora.Shared\Persistence\NexoraDbContext.cs(7,14): error CS0234: The type or namespace name 'Modules' does not exist in the namespace 'Nexora' (are you missing an assembly reference?) [C:\Users\Deven\Desktop\erp\nexora\backend\src\Nexora.Shared\Nexora.Shared.csproj]
C:\Users\Deven\Desktop\erp\nexora\backend\src\Nexora.Shared\Persistence\NexoraDbContext.cs(8,14): error CS0234: The type or namespace name 'Modules' does not exist in the namespace 'Nexora' (are you missing an assembly reference?) [C:\Users\Deven\Desktop\erp\nexora\backend\src\Nexora.Shared\Nexora.Shared.csproj]
C:\Users\Deven\Desktop\erp\nexora\backend\src\Nexora.Shared\Persistence\NexoraDbContext.cs(9,14): error CS0234: The type or namespace name 'Modules' does not exist in the namespace 'Nexora' (are you missing an assembly reference?) [C:\Users\Deven\Desktop\erp\nexora\backend\src\Nexora.Shared\Nexora.Shared.csproj]
C:\Users\Deven\Desktop\erp\nexora\backend\src\Nexora.Shared\Persistence\NexoraDbContext.cs(10,14): error CS0234: The type or namespace name 'Modules' does not exist in the namespace 'Nexora' (are you missing an assembly reference?) [C:\Users\Deven\Desktop\erp\nexora\backend\src\Nexora.Shared\Nexora.Shared.csproj]
C:\Users\Deven\Desktop\erp\nexora\backend\src\Nexora.Shared\Persistence\NexoraDbContext.cs(12,14): error CS0234: The type or namespace name 'Modules' does not exist in the namespace 'Nexora' (are you missing an assembly reference?) [C:\Users\Deven\Desktop\erp\nexora\backend\src\Nexora.Shared\Nexora.Shared.csproj]
C:\Users\Deven\Desktop\erp\nexora\backend\src\Nexora.Shared\Persistence\NexoraDbContext.cs(13,14): error CS0234: The type or namespace name 'Modules' does not exist in the namespace 'Nexora' (are you missing an assembly reference?) [C:\Users\Deven\Desktop\erp\nexora\backend\src\Nexora.Shared\Nexora.Shared.csproj]
C:\Users\Deven\Desktop\erp\nexora\backend\src\Nexora.Shared\Persistence\NexoraDbContext.cs(14,14): error CS0234: The type or namespace name 'Modules' does not exist in the namespace 'Nexora' (are you missing an assembly reference?) [C:\Users\Deven\Desktop\erp\nexora\backend\src\Nexora.Shared\Nexora.Shared.csproj]
C:\Users\Deven\Desktop\erp\nexora\backend\src\Nexora.Shared\Persistence\NexoraDbContext.cs(15,14): error CS0234: The type or namespace name 'Modules' does not exist in the namespace 'Nexora' (are you missing an assembly reference?) [C:\Users\Deven\Desktop\erp\nexora\backend\src\Nexora.Shared\Nexora.Shared.csproj]
C:\Users\Deven\Desktop\erp\nexora\backend\src\Nexora.Shared\Authorization\DataScopeService.cs(8,29): error CS0246: The type or namespace name 'DataScopeType' could not be found (are you missing a using directive or an assembly reference?) [C:\Users\Deven\Desktop\erp\nexora\backend\src\Nexora.Shared\Nexora.Shared.csproj]
C:\Users\Deven\Desktop\erp\nexora\backend\src\Nexora.Shared\Authorization\DataScopeService.cs(54,23): error CS0246: The type or namespace name 'FieldAccessLevel' could not be found (are you missing a using directive or an assembly reference?) [C:\Users\Deven\Desktop\erp\nexora\backend\src\Nexora.Shared\Nexora.Shared.csproj]
C:\Users\Deven\Desktop\erp\nexora\backend\src\Nexora.Shared\Authorization\RequirePasswordCurrentMiddleware.cs(12,35): error CS0246: The type or namespace name 'HttpContext' could not be found (are you missing a using directive or an assembly reference?) [C:\Users\Deven\Desktop\erp\nexora\backend\src\Nexora.Shared\Nexora.Shared.csproj]
C:\Users\Deven\Desktop\erp\nexora\backend\src\Nexora.Shared\Authorization\RequirePasswordCurrentMiddleware.cs(8,22): error CS0246: The type or namespace name 'RequestDelegate' could not be found (are you missing a using directive or an assembly reference?) [C:\Users\Deven\Desktop\erp\nexora\backend\src\Nexora.Shared\Nexora.Shared.csproj]
C:\Users\Deven\Desktop\erp\nexora\backend\src\Nexora.Shared\Middleware\GlobalExceptionHandler.cs(16,49): error CS0246: The type or namespace name 'HttpContext' could not be found (are you missing a using directive or an assembly reference?) [C:\Users\Deven\Desktop\erp\nexora\backend\src\Nexora.Shared\Nexora.Shared.csproj]
C:\Users\Deven\Desktop\erp\nexora\backend\src\Nexora.Shared\Authorization\RequirePasswordCurrentMiddleware.cs(10,45): error CS0246: The type or namespace name 'RequestDelegate' could not be found (are you missing a using directive or an assembly reference?) [C:\Users\Deven\Desktop\erp\nexora\backend\src\Nexora.Shared\Nexora.Shared.csproj]
C:\Users\Deven\Desktop\erp\nexora\backend\src\Nexora.Shared\Middleware\GlobalExceptionHandler.cs(11,39): error CS0535: 'GlobalExceptionHandler' does not implement interface member 'IExceptionHandler.TryHandleAsync(HttpContext, Exception, CancellationToken)' [C:\Users\Deven\Desktop\erp\nexora\backend\src\Nexora.Shared\Nexora.Shared.csproj]
C:\Users\Deven\Desktop\erp\nexora\backend\src\Nexora.Shared\Middleware\GlobalExceptionHandler.cs(13,22): error CS0246: The type or namespace name 'ILogger<>' could not be found (are you missing a using directive or an assembly reference?) [C:\Users\Deven\Desktop\erp\nexora\backend\src\Nexora.Shared\Nexora.Shared.csproj]
C:\Users\Deven\Desktop\erp\nexora\backend\src\Nexora.Shared\Middleware\GlobalExceptionHandler.cs(14,35): error CS0246: The type or namespace name 'ILogger<>' could not be found (are you missing a using directive or an assembly reference?) [C:\Users\Deven\Desktop\erp\nexora\backend\src\Nexora.Shared\Nexora.Shared.csproj]
C:\Users\Deven\Desktop\erp\nexora\backend\src\Nexora.Shared\Persistence\NexoraDbContext.cs(24,50): error CS0246: The type or namespace name 'AppUser' could not be found (are you missing a using directive or an assembly reference?) [C:\Users\Deven\Desktop\erp\nexora\backend\src\Nexora.Shared\Nexora.Shared.csproj]
C:\Users\Deven\Desktop\erp\nexora\backend\src\Nexora.Shared\Persistence\NexoraDbContext.cs(24,59): error CS0246: The type or namespace name 'AppRole' could not be found (are you missing a using directive or an assembly reference?) [C:\Users\Deven\Desktop\erp\nexora\backend\src\Nexora.Shared\Nexora.Shared.csproj]
C:\Users\Deven\Desktop\erp\nexora\backend\src\Nexora.Shared\Persistence\NexoraDbContext.cs(34,18): error CS0246: The type or namespace name 'RolePermission' could not be found (are you missing a using directive or an assembly reference?) [C:\Users\Deven\Desktop\erp\nexora\backend\src\Nexora.Shared\Nexora.Shared.csproj]
C:\Users\Deven\Desktop\erp\nexora\backend\src\Nexora.Shared\Persistence\NexoraDbContext.cs(35,18): error CS0246: The type or namespace name 'PermissionScope' could not be found (are you missing a using directive or an assembly reference?) [C:\Users\Deven\Desktop\erp\nexora\backend\src\Nexora.Shared\Nexora.Shared.csproj]
C:\Users\Deven\Desktop\erp\nexora\backend\src\Nexora.Shared\Persistence\NexoraDbContext.cs(36,18): error CS0246: The type or namespace name 'PermissionScopeRecord' could not be found (are you missing a using directive or an assembly reference?) [C:\Users\Deven\Desktop\erp\nexora\backend\src\Nexora.Shared\Nexora.Shared.csproj]
C:\Users\Deven\Desktop\erp\nexora\backend\src\Nexora.Shared\Persistence\NexoraDbContext.cs(37,18): error CS0246: The type or namespace name 'RoleFieldPermission' could not be found (are you missing a using directive or an assembly reference?) [C:\Users\Deven\Desktop\erp\nexora\backend\src\Nexora.Shared\Nexora.Shared.csproj]
C:\Users\Deven\Desktop\erp\nexora\backend\src\Nexora.Shared\Persistence\NexoraDbContext.cs(40,18): error CS0246: The type or namespace name 'Department' could not be found (are you missing a using directive or an assembly reference?) [C:\Users\Deven\Desktop\erp\nexora\backend\src\Nexora.Shared\Nexora.Shared.csproj]
C:\Users\Deven\Desktop\erp\nexora\backend\src\Nexora.Shared\Persistence\NexoraDbContext.cs(41,18): error CS0246: The type or namespace name 'Location' could not be found (are you missing a using directive or an assembly reference?) [C:\Users\Deven\Desktop\erp\nexora\backend\src\Nexora.Shared\Nexora.Shared.csproj]
C:\Users\Deven\Desktop\erp\nexora\backend\src\Nexora.Shared\Persistence\NexoraDbContext.cs(42,18): error CS0246: The type or namespace name 'Employee' could not be found (are you missing a using directive or an assembly reference?) [C:\Users\Deven\Desktop\erp\nexora\backend\src\Nexora.Shared\Nexora.Shared.csproj]
C:\Users\Deven\Desktop\erp\nexora\backend\src\Nexora.Shared\Persistence\NexoraDbContext.cs(43,18): error CS0246: The type or namespace name 'JobTitle' could not be found (are you missing a using directive or an assembly reference?) [C:\Users\Deven\Desktop\erp\nexora\backend\src\Nexora.Shared\Nexora.Shared.csproj]
C:\Users\Deven\Desktop\erp\nexora\backend\src\Nexora.Shared\Persistence\NexoraDbContext.cs(44,18): error CS0246: The type or namespace name 'EmployeeAssignmentHistory' could not be found (are you missing a using directive or an assembly reference?) [C:\Users\Deven\Desktop\erp\nexora\backend\src\Nexora.Shared\Nexora.Shared.csproj]
C:\Users\Deven\Desktop\erp\nexora\backend\src\Nexora.Shared\Persistence\NexoraDbContext.cs(45,18): error CS0246: The type or namespace name 'EmployeeDocument' could not be found (are you missing a using directive or an assembly reference?) [C:\Users\Deven\Desktop\erp\nexora\backend\src\Nexora.Shared\Nexora.Shared.csproj]
C:\Users\Deven\Desktop\erp\nexora\backend\src\Nexora.Shared\Persistence\NexoraDbContext.cs(47,18): error CS0246: The type or namespace name 'LeaveType' could not be found (are you missing a using directive or an assembly reference?) [C:\Users\Deven\Desktop\erp\nexora\backend\src\Nexora.Shared\Nexora.Shared.csproj]
C:\Users\Deven\Desktop\erp\nexora\backend\src\Nexora.Shared\Persistence\NexoraDbContext.cs(48,18): error CS0246: The type or namespace name 'LeaveRequest' could not be found (are you missing a using directive or an assembly reference?) [C:\Users\Deven\Desktop\erp\nexora\backend\src\Nexora.Shared\Nexora.Shared.csproj]
C:\Users\Deven\Desktop\erp\nexora\backend\src\Nexora.Shared\Persistence\NexoraDbContext.cs(49,18): error CS0246: The type or namespace name 'LeaveBalance' could not be found (are you missing a using directive or an assembly reference?) [C:\Users\Deven\Desktop\erp\nexora\backend\src\Nexora.Shared\Nexora.Shared.csproj]
C:\Users\Deven\Desktop\erp\nexora\backend\src\Nexora.Shared\Persistence\NexoraDbContext.cs(50,18): error CS0246: The type or namespace name 'AttendanceEntry' could not be found (are you missing a using directive or an assembly reference?) [C:\Users\Deven\Desktop\erp\nexora\backend\src\Nexora.Shared\Nexora.Shared.csproj]
C:\Users\Deven\Desktop\erp\nexora\backend\src\Nexora.Shared\Persistence\NexoraDbContext.cs(51,18): error CS0246: The type or namespace name 'TimesheetEntry' could not be found (are you missing a using directive or an assembly reference?) [C:\Users\Deven\Desktop\erp\nexora\backend\src\Nexora.Shared\Nexora.Shared.csproj]
C:\Users\Deven\Desktop\erp\nexora\backend\src\Nexora.Shared\Persistence\NexoraDbContext.cs(52,18): error CS0246: The type or namespace name 'TenantAttendanceSettings' could not be found (are you missing a using directive or an assembly reference?) [C:\Users\Deven\Desktop\erp\nexora\backend\src\Nexora.Shared\Nexora.Shared.csproj]
C:\Users\Deven\Desktop\erp\nexora\backend\src\Nexora.Shared\Persistence\NexoraDbContext.cs(54,18): error CS0246: The type or namespace name 'OnboardingTask' could not be found (are you missing a using directive or an assembly reference?) [C:\Users\Deven\Desktop\erp\nexora\backend\src\Nexora.Shared\Nexora.Shared.csproj]
C:\Users\Deven\Desktop\erp\nexora\backend\src\Nexora.Shared\Persistence\NexoraDbContext.cs(56,18): error CS0246: The type or namespace name 'FnfCase' could not be found (are you missing a using directive or an assembly reference?) [C:\Users\Deven\Desktop\erp\nexora\backend\src\Nexora.Shared\Nexora.Shared.csproj]
C:\Users\Deven\Desktop\erp\nexora\backend\src\Nexora.Shared\Persistence\NexoraDbContext.cs(57,18): error CS0246: The type or namespace name 'FnfClearanceItem' could not be found (are you missing a using directive or an assembly reference?) [C:\Users\Deven\Desktop\erp\nexora\backend\src\Nexora.Shared\Nexora.Shared.csproj]
C:\Users\Deven\Desktop\erp\nexora\backend\src\Nexora.Shared\Persistence\NexoraDbContext.cs(59,18): error CS0246: The type or namespace name 'SalaryStructure' could not be found (are you missing a using directive or an assembly reference?) [C:\Users\Deven\Desktop\erp\nexora\backend\src\Nexora.Shared\Nexora.Shared.csproj]
C:\Users\Deven\Desktop\erp\nexora\backend\src\Nexora.Shared\Persistence\NexoraDbContext.cs(60,18): error CS0246: The type or namespace name 'SalaryComponent' could not be found (are you missing a using directive or an assembly reference?) [C:\Users\Deven\Desktop\erp\nexora\backend\src\Nexora.Shared\Nexora.Shared.csproj]
C:\Users\Deven\Desktop\erp\nexora\backend\src\Nexora.Shared\Persistence\NexoraDbContext.cs(61,18): error CS0246: The type or namespace name 'PayrollRun' could not be found (are you missing a using directive or an assembly reference?) [C:\Users\Deven\Desktop\erp\nexora\backend\src\Nexora.Shared\Nexora.Shared.csproj]
C:\Users\Deven\Desktop\erp\nexora\backend\src\Nexora.Shared\Persistence\NexoraDbContext.cs(62,18): error CS0246: The type or namespace name 'Payslip' could not be found (are you missing a using directive or an assembly reference?) [C:\Users\Deven\Desktop\erp\nexora\backend\src\Nexora.Shared\Nexora.Shared.csproj]
C:\Users\Deven\Desktop\erp\nexora\backend\src\Nexora.Shared\Persistence\NexoraDbContext.cs(63,18): error CS0246: The type or namespace name 'PayslipLine' could not be found (are you missing a using directive or an assembly reference?) [C:\Users\Deven\Desktop\erp\nexora\backend\src\Nexora.Shared\Nexora.Shared.csproj]
C:\Users\Deven\Desktop\erp\nexora\backend\src\Nexora.Shared\Persistence\NexoraDbContext.cs(67,18): error CS0246: The type or namespace name 'Account' could not be found (are you missing a using directive or an assembly reference?) [C:\Users\Deven\Desktop\erp\nexora\backend\src\Nexora.Shared\Nexora.Shared.csproj]
C:\Users\Deven\Desktop\erp\nexora\backend\src\Nexora.Shared\Persistence\NexoraDbContext.cs(68,18): error CS0246: The type or namespace name 'JournalEntry' could not be found (are you missing a using directive or an assembly reference?) [C:\Users\Deven\Desktop\erp\nexora\backend\src\Nexora.Shared\Nexora.Shared.csproj]
C:\Users\Deven\Desktop\erp\nexora\backend\src\Nexora.Shared\Persistence\NexoraDbContext.cs(69,18): error CS0246: The type or namespace name 'JournalLine' could not be found (are you missing a using directive or an assembly reference?) [C:\Users\Deven\Desktop\erp\nexora\backend\src\Nexora.Shared\Nexora.Shared.csproj]
C:\Users\Deven\Desktop\erp\nexora\backend\src\Nexora.Shared\Persistence\NexoraDbContext.cs(70,18): error CS0246: The type or namespace name 'ExchangeRate' could not be found (are you missing a using directive or an assembly reference?) [C:\Users\Deven\Desktop\erp\nexora\backend\src\Nexora.Shared\Nexora.Shared.csproj]
C:\Users\Deven\Desktop\erp\nexora\backend\src\Nexora.Shared\Persistence\NexoraDbContext.cs(71,18): error CS0246: The type or namespace name 'Vendor' could not be found (are you missing a using directive or an assembly reference?) [C:\Users\Deven\Desktop\erp\nexora\backend\src\Nexora.Shared\Nexora.Shared.csproj]
C:\Users\Deven\Desktop\erp\nexora\backend\src\Nexora.Shared\Persistence\NexoraDbContext.cs(72,18): error CS0246: The type or namespace name 'VendorBill' could not be found (are you missing a using directive or an assembly reference?) [C:\Users\Deven\Desktop\erp\nexora\backend\src\Nexora.Shared\Nexora.Shared.csproj]
C:\Users\Deven\Desktop\erp\nexora\backend\src\Nexora.Shared\Persistence\NexoraDbContext.cs(74,18): error CS0246: The type or namespace name 'WorkflowInstance' could not be found (are you missing a using directive or an assembly reference?) [C:\Users\Deven\Desktop\erp\nexora\backend\src\Nexora.Shared\Nexora.Shared.csproj]
C:\Users\Deven\Desktop\erp\nexora\backend\src\Nexora.Shared\Persistence\NexoraDbContext.cs(75,18): error CS0246: The type or namespace name 'WorkflowDecision' could not be found (are you missing a using directive or an assembly reference?) [C:\Users\Deven\Desktop\erp\nexora\backend\src\Nexora.Shared\Nexora.Shared.csproj]
C:\Users\Deven\Desktop\erp\nexora\backend\src\Nexora.Shared\Persistence\NexoraDbContext.cs(76,18): error CS0246: The type or namespace name 'TenantApprovalSettings' could not be found (are you missing a using directive or an assembly reference?) [C:\Users\Deven\Desktop\erp\nexora\backend\src\Nexora.Shared\Nexora.Shared.csproj]
C:\Users\Deven\Desktop\erp\nexora\backend\src\Nexora.Shared\Persistence\NexoraDbContext.cs(78,18): error CS0246: The type or namespace name 'ReimbursementRequest' could not be found (are you missing a using directive or an assembly reference?) [C:\Users\Deven\Desktop\erp\nexora\backend\src\Nexora.Shared\Nexora.Shared.csproj]
C:\Users\Deven\Desktop\erp\nexora\backend\src\Nexora.Shared\Persistence\NexoraDbContext.cs(82,18): error CS0246: The type or namespace name 'Customer' could not be found (are you missing a using directive or an assembly reference?) [C:\Users\Deven\Desktop\erp\nexora\backend\src\Nexora.Shared\Nexora.Shared.csproj]
C:\Users\Deven\Desktop\erp\nexora\backend\src\Nexora.Shared\Persistence\NexoraDbContext.cs(83,18): error CS0246: The type or namespace name 'ProjectEntity' could not be found (are you missing a using directive or an assembly reference?) [C:\Users\Deven\Desktop\erp\nexora\backend\src\Nexora.Shared\Nexora.Shared.csproj]
C:\Users\Deven\Desktop\erp\nexora\backend\src\Nexora.Shared\Persistence\NexoraDbContext.cs(84,18): error CS0246: The type or namespace name 'ProjectExpense' could not be found (are you missing a using directive or an assembly reference?) [C:\Users\Deven\Desktop\erp\nexora\backend\src\Nexora.Shared\Nexora.Shared.csproj]
C:\Users\Deven\Desktop\erp\nexora\backend\src\Nexora.Shared\Persistence\NexoraDbContext.cs(85,18): error CS0246: The type or namespace name 'ProjectMember' could not be found (are you missing a using directive or an assembly reference?) [C:\Users\Deven\Desktop\erp\nexora\backend\src\Nexora.Shared\Nexora.Shared.csproj]
C:\Users\Deven\Desktop\erp\nexora\backend\src\Nexora.Shared\Persistence\NexoraDbContext.cs(86,18): error CS0246: The type or namespace name 'ProjectTask' could not be found (are you missing a using directive or an assembly reference?) [C:\Users\Deven\Desktop\erp\nexora\backend\src\Nexora.Shared\Nexora.Shared.csproj]
C:\Users\Deven\Desktop\erp\nexora\backend\src\Nexora.Shared\Persistence\NexoraDbContext.cs(87,18): error CS0246: The type or namespace name 'ProjectMilestone' could not be found (are you missing a using directive or an assembly reference?) [C:\Users\Deven\Desktop\erp\nexora\backend\src\Nexora.Shared\Nexora.Shared.csproj]
    4 Warning(s)
    62 Error(s)

Time Elapsed 00:00:04.68
