  Determining projects to restore...
C:\Users\Deven\Desktop\erp\nexora\backend\src\Nexora.Shared\Nexora.Shared.csproj : warning NU1510: PackageReference Microsoft.Extensions.Identity.Stores will not be pruned. This package is automatically available and does not need to be referenced explicitly. Remove the PackageReference item. [C:\Users\Deven\Desktop\erp\nexora\backend\Nexora.slnx]
  Restored C:\Users\Deven\Desktop\erp\nexora\backend\src\Nexora.Api\Nexora.Api.csproj (in 911 ms).
  12 of 13 projects are up-to-date for restore.
C:\Users\Deven\Desktop\erp\nexora\backend\src\Nexora.Shared\Nexora.Shared.csproj : warning NU1510: PackageReference Microsoft.Extensions.Identity.Stores will not be pruned. This package is automatically available and does not need to be referenced explicitly. Remove the PackageReference item.
C:\Users\Deven\Desktop\erp\nexora\backend\src\Nexora.Shared\Authorization\DataScopeService.cs(2,14): error CS0234: The type or namespace name 'Modules' does not exist in the namespace 'Nexora' (are you missing an assembly reference?) [C:\Users\Deven\Desktop\erp\nexora\backend\src\Nexora.Shared\Nexora.Shared.csproj]
C:\Users\Deven\Desktop\erp\nexora\backend\src\Nexora.Shared\Authorization\DataScopeService.cs(3,14): error CS0234: The type or namespace name 'Api' does not exist in the namespace 'Nexora' (are you missing an assembly reference?) [C:\Users\Deven\Desktop\erp\nexora\backend\src\Nexora.Shared\Nexora.Shared.csproj]
C:\Users\Deven\Desktop\erp\nexora\backend\src\Nexora.Shared\Events\OutboxDispatcherService.cs(3,14): error CS0234: The type or namespace name 'Api' does not exist in the namespace 'Nexora' (are you missing an assembly reference?) [C:\Users\Deven\Desktop\erp\nexora\backend\src\Nexora.Shared\Nexora.Shared.csproj]
C:\Users\Deven\Desktop\erp\nexora\backend\src\Nexora.Shared\Authorization\DataScopeService.cs(8,29): error CS0246: The type or namespace name 'DataScopeType' could not be found (are you missing a using directive or an assembly reference?) [C:\Users\Deven\Desktop\erp\nexora\backend\src\Nexora.Shared\Nexora.Shared.csproj]
C:\Users\Deven\Desktop\erp\nexora\backend\src\Nexora.Shared\Authorization\DataScopeService.cs(54,23): error CS0246: The type or namespace name 'FieldAccessLevel' could not be found (are you missing a using directive or an assembly reference?) [C:\Users\Deven\Desktop\erp\nexora\backend\src\Nexora.Shared\Nexora.Shared.csproj]
C:\Users\Deven\Desktop\erp\nexora\backend\src\Nexora.Shared\Authorization\DataScopeService.cs(22,22): error CS0246: The type or namespace name 'NexoraDbContext' could not be found (are you missing a using directive or an assembly reference?) [C:\Users\Deven\Desktop\erp\nexora\backend\src\Nexora.Shared\Nexora.Shared.csproj]
C:\Users\Deven\Desktop\erp\nexora\backend\src\Nexora.Shared\Authorization\RequirePasswordCurrentMiddleware.cs(12,35): error CS0246: The type or namespace name 'HttpContext' could not be found (are you missing a using directive or an assembly reference?) [C:\Users\Deven\Desktop\erp\nexora\backend\src\Nexora.Shared\Nexora.Shared.csproj]
C:\Users\Deven\Desktop\erp\nexora\backend\src\Nexora.Shared\Authorization\DataScopeService.cs(23,29): error CS0246: The type or namespace name 'NexoraDbContext' could not be found (are you missing a using directive or an assembly reference?) [C:\Users\Deven\Desktop\erp\nexora\backend\src\Nexora.Shared\Nexora.Shared.csproj]
C:\Users\Deven\Desktop\erp\nexora\backend\src\Nexora.Shared\Authorization\RequirePasswordCurrentMiddleware.cs(8,22): error CS0246: The type or namespace name 'RequestDelegate' could not be found (are you missing a using directive or an assembly reference?) [C:\Users\Deven\Desktop\erp\nexora\backend\src\Nexora.Shared\Nexora.Shared.csproj]
C:\Users\Deven\Desktop\erp\nexora\backend\src\Nexora.Shared\Authorization\RequirePasswordCurrentMiddleware.cs(10,45): error CS0246: The type or namespace name 'RequestDelegate' could not be found (are you missing a using directive or an assembly reference?) [C:\Users\Deven\Desktop\erp\nexora\backend\src\Nexora.Shared\Nexora.Shared.csproj]
C:\Users\Deven\Desktop\erp\nexora\backend\src\Nexora.Shared\Middleware\GlobalExceptionHandler.cs(16,49): error CS0246: The type or namespace name 'HttpContext' could not be found (are you missing a using directive or an assembly reference?) [C:\Users\Deven\Desktop\erp\nexora\backend\src\Nexora.Shared\Nexora.Shared.csproj]
C:\Users\Deven\Desktop\erp\nexora\backend\src\Nexora.Shared\Middleware\GlobalExceptionHandler.cs(11,39): error CS0535: 'GlobalExceptionHandler' does not implement interface member 'IExceptionHandler.TryHandleAsync(HttpContext, Exception, CancellationToken)' [C:\Users\Deven\Desktop\erp\nexora\backend\src\Nexora.Shared\Nexora.Shared.csproj]
C:\Users\Deven\Desktop\erp\nexora\backend\src\Nexora.Shared\Middleware\GlobalExceptionHandler.cs(13,22): error CS0246: The type or namespace name 'ILogger<>' could not be found (are you missing a using directive or an assembly reference?) [C:\Users\Deven\Desktop\erp\nexora\backend\src\Nexora.Shared\Nexora.Shared.csproj]
C:\Users\Deven\Desktop\erp\nexora\backend\src\Nexora.Shared\Middleware\GlobalExceptionHandler.cs(14,35): error CS0246: The type or namespace name 'ILogger<>' could not be found (are you missing a using directive or an assembly reference?) [C:\Users\Deven\Desktop\erp\nexora\backend\src\Nexora.Shared\Nexora.Shared.csproj]

Build FAILED.

C:\Users\Deven\Desktop\erp\nexora\backend\src\Nexora.Shared\Nexora.Shared.csproj : warning NU1510: PackageReference Microsoft.Extensions.Identity.Stores will not be pruned. This package is automatically available and does not need to be referenced explicitly. Remove the PackageReference item. [C:\Users\Deven\Desktop\erp\nexora\backend\Nexora.slnx]
C:\Users\Deven\Desktop\erp\nexora\backend\src\Nexora.Shared\Nexora.Shared.csproj : warning NU1510: PackageReference Microsoft.Extensions.Identity.Stores will not be pruned. This package is automatically available and does not need to be referenced explicitly. Remove the PackageReference item.
C:\Users\Deven\Desktop\erp\nexora\backend\src\Nexora.Shared\Authorization\DataScopeService.cs(2,14): error CS0234: The type or namespace name 'Modules' does not exist in the namespace 'Nexora' (are you missing an assembly reference?) [C:\Users\Deven\Desktop\erp\nexora\backend\src\Nexora.Shared\Nexora.Shared.csproj]
C:\Users\Deven\Desktop\erp\nexora\backend\src\Nexora.Shared\Authorization\DataScopeService.cs(3,14): error CS0234: The type or namespace name 'Api' does not exist in the namespace 'Nexora' (are you missing an assembly reference?) [C:\Users\Deven\Desktop\erp\nexora\backend\src\Nexora.Shared\Nexora.Shared.csproj]
C:\Users\Deven\Desktop\erp\nexora\backend\src\Nexora.Shared\Events\OutboxDispatcherService.cs(3,14): error CS0234: The type or namespace name 'Api' does not exist in the namespace 'Nexora' (are you missing an assembly reference?) [C:\Users\Deven\Desktop\erp\nexora\backend\src\Nexora.Shared\Nexora.Shared.csproj]
C:\Users\Deven\Desktop\erp\nexora\backend\src\Nexora.Shared\Authorization\DataScopeService.cs(8,29): error CS0246: The type or namespace name 'DataScopeType' could not be found (are you missing a using directive or an assembly reference?) [C:\Users\Deven\Desktop\erp\nexora\backend\src\Nexora.Shared\Nexora.Shared.csproj]
C:\Users\Deven\Desktop\erp\nexora\backend\src\Nexora.Shared\Authorization\DataScopeService.cs(54,23): error CS0246: The type or namespace name 'FieldAccessLevel' could not be found (are you missing a using directive or an assembly reference?) [C:\Users\Deven\Desktop\erp\nexora\backend\src\Nexora.Shared\Nexora.Shared.csproj]
C:\Users\Deven\Desktop\erp\nexora\backend\src\Nexora.Shared\Authorization\DataScopeService.cs(22,22): error CS0246: The type or namespace name 'NexoraDbContext' could not be found (are you missing a using directive or an assembly reference?) [C:\Users\Deven\Desktop\erp\nexora\backend\src\Nexora.Shared\Nexora.Shared.csproj]
C:\Users\Deven\Desktop\erp\nexora\backend\src\Nexora.Shared\Authorization\RequirePasswordCurrentMiddleware.cs(12,35): error CS0246: The type or namespace name 'HttpContext' could not be found (are you missing a using directive or an assembly reference?) [C:\Users\Deven\Desktop\erp\nexora\backend\src\Nexora.Shared\Nexora.Shared.csproj]
C:\Users\Deven\Desktop\erp\nexora\backend\src\Nexora.Shared\Authorization\DataScopeService.cs(23,29): error CS0246: The type or namespace name 'NexoraDbContext' could not be found (are you missing a using directive or an assembly reference?) [C:\Users\Deven\Desktop\erp\nexora\backend\src\Nexora.Shared\Nexora.Shared.csproj]
C:\Users\Deven\Desktop\erp\nexora\backend\src\Nexora.Shared\Authorization\RequirePasswordCurrentMiddleware.cs(8,22): error CS0246: The type or namespace name 'RequestDelegate' could not be found (are you missing a using directive or an assembly reference?) [C:\Users\Deven\Desktop\erp\nexora\backend\src\Nexora.Shared\Nexora.Shared.csproj]
C:\Users\Deven\Desktop\erp\nexora\backend\src\Nexora.Shared\Authorization\RequirePasswordCurrentMiddleware.cs(10,45): error CS0246: The type or namespace name 'RequestDelegate' could not be found (are you missing a using directive or an assembly reference?) [C:\Users\Deven\Desktop\erp\nexora\backend\src\Nexora.Shared\Nexora.Shared.csproj]
C:\Users\Deven\Desktop\erp\nexora\backend\src\Nexora.Shared\Middleware\GlobalExceptionHandler.cs(16,49): error CS0246: The type or namespace name 'HttpContext' could not be found (are you missing a using directive or an assembly reference?) [C:\Users\Deven\Desktop\erp\nexora\backend\src\Nexora.Shared\Nexora.Shared.csproj]
C:\Users\Deven\Desktop\erp\nexora\backend\src\Nexora.Shared\Middleware\GlobalExceptionHandler.cs(11,39): error CS0535: 'GlobalExceptionHandler' does not implement interface member 'IExceptionHandler.TryHandleAsync(HttpContext, Exception, CancellationToken)' [C:\Users\Deven\Desktop\erp\nexora\backend\src\Nexora.Shared\Nexora.Shared.csproj]
C:\Users\Deven\Desktop\erp\nexora\backend\src\Nexora.Shared\Middleware\GlobalExceptionHandler.cs(13,22): error CS0246: The type or namespace name 'ILogger<>' could not be found (are you missing a using directive or an assembly reference?) [C:\Users\Deven\Desktop\erp\nexora\backend\src\Nexora.Shared\Nexora.Shared.csproj]
C:\Users\Deven\Desktop\erp\nexora\backend\src\Nexora.Shared\Middleware\GlobalExceptionHandler.cs(14,35): error CS0246: The type or namespace name 'ILogger<>' could not be found (are you missing a using directive or an assembly reference?) [C:\Users\Deven\Desktop\erp\nexora\backend\src\Nexora.Shared\Nexora.Shared.csproj]
    2 Warning(s)
    14 Error(s)

Time Elapsed 00:00:04.48
